step1 - build locally after git clone  https://github.com/lidderupk/chatbot-dashbot-workshop

C:\Users\cheer>cd D:\github\walter-repo\chatbot-dashbot-workshop

D:\github\walter-repo\chatbot-dashbot-workshop>npm install
npm WARN notice [SECURITY] superagent has the following vulnerability: 1 low. Go here for more details: https://nodesecurity.io/advisories?search=superagent&version=1.8.5 - Run `npm i npm@latest -g` to upgrade your npm version, and then `npm audit` to get more info.
npm WARN deprecated to-iso-string@0.0.2: to-iso-string has been deprecated, use @segment/to-iso-string instead.
npm WARN deprecated jade@0.26.3: Jade has been renamed to pug, please install the latest version of pug instead of jade
npm WARN deprecated minimatch@0.3.0: Please update to minimatch 3.0.2 or higher to avoid a RegExp DoS issue
npm WARN deprecated formidable@1.0.17: Old versions of Formidable are not compatible with the current Node.js; Upgrade to 1.2.0 or later
npm WARN deprecated graceful-fs@1.2.3: please upgrade to graceful-fs 4 for compatibility with current and future versions of Node.js
npm WARN notice [SECURITY] mime has the following vulnerability: 1 moderate. Go here for more details: https://nodesecurity.io/advisories?search=mime&version=1.3.4 - Run `npm i npm@latest -g` to upgrade your npm version, and then `npm audit` to get more info.

> execSync@1.0.2 install D:\github\walter-repo\chatbot-dashbot-workshop\node_modules\execSync
> node install.js

[execsync v1.0.2] Attempting to compile native extensions.
{ Error: spawn node-gyp ENOENT
    at _errnoException (util.js:992:11)
    at Process.ChildProcess._handle.onexit (internal/child_process.js:190:19)
    at onErrorNT (internal/child_process.js:372:16)
    at _combinedTickCallback (internal/process/next_tick.js:138:11)
    at process._tickCallback (internal/process/next_tick.js:180:9)
    at Function.Module.runMain (module.js:695:11)
    at startup (bootstrap_node.js:191:16)
    at bootstrap_node.js:612:3
  code: 'ENOENT',
  errno: 'ENOENT',
  syscall: 'spawn node-gyp',
  path: 'node-gyp',
  spawnargs: [ 'rebuild' ] }
[execSync v1.0.2]
    Native code compile failed!!
    Will try to use win32 extension.

> websocket@1.0.28 install D:\github\walter-repo\chatbot-dashbot-workshop\node_modules\websocket
> (node-gyp rebuild 2> builderror.log) || (exit 0)


D:\github\walter-repo\chatbot-dashbot-workshop\node_modules\websocket>if not defined npm_config_node_gyp (node "D:\nodejs\node_modules\npm\node_modules\npm-lifecycle\node-gyp-bin\\..\..\node_modules\node-gyp\bin\node-gyp.js" rebuild )  else (node "D:\nodejs\node_modules\npm\node_modules\node-gyp\bin\node-gyp.js" rebuild )

> phantomjs-prebuilt@2.1.16 install D:\github\walter-repo\chatbot-dashbot-workshop\node_modules\phantomjs-prebuilt
> node install.js

PhantomJS not found on PATH
Downloading https://github.com/Medium/phantomjs/releases/download/v2.1.1/phantomjs-2.1.1-windows.zip
Saving to C:\Users\cheer\AppData\Local\Temp\phantomjs\phantomjs-2.1.1-windows.zip
Receiving...
  [========================================] 100%
Received 17767K total.
Extracting zip contents
Removing D:\github\walter-repo\chatbot-dashbot-workshop\node_modules\phantomjs-prebuilt\lib\phantom
Copying extracted folder C:\Users\cheer\AppData\Local\Temp\phantomjs\phantomjs-2.1.1-windows.zip-extract-1538629031522\phantomjs-2.1.1-windows -> D:\github\walter-repo\chatbot-dashbot-workshop\node_modules\phantomjs-prebuilt\lib\phantom
Writing location.js file
Done. Phantomjs binary available at D:\github\walter-repo\chatbot-dashbot-workshop\node_modules\phantomjs-prebuilt\lib\phantom\bin\phantomjs.exe
npm notice created a lockfile as package-lock.json. You should commit this file.
added 375 packages in 187.752s

step2 - test and run locally  

D:\github\walter-repo\chatbot-dashbot-workshop>npm start

> conversation-simple@0.1.1 start D:\github\walter-repo\chatbot-dashbot-workshop
> node server.js

Server running on: http://localhost:3000
validation error:  {"success":false,"errors":[{"keyword":"required","dataPath":"","schemaPath":"#/required","params":{"missingProperty":"text"},"message":"should have required property 'text'"}]}
Terminate batch job (Y/N)? y

step3 - login bluemix cf to deploy on web 

D:\github\walter-repo\chatbot-dashbot-workshop>cf login -a https://api.ng.bluemix.net -u "qabcdefg@gmail.com"
API endpoint: https://api.ng.bluemix.net

Password>
Authenticating...
OK

Targeted org qabcdefg@gmail.com

Targeted space dev


API endpoint:   https://api.ng.bluemix.net (API version: 2.106.0)
User:           qabcdefg@gmail.com
Org:            qabcdefg@gmail.com
Space:          dev

D:\github\walter-repo\chatbot-dashbot-workshop>cf push
Pushing from manifest to org abc123445@gmail.com / space dev as abc123445@gmail.com...
Using manifest file D:\github\walter-repo\chatbot-dashbot-workshop\manifest.yml
Deprecation warning: Use of 'buildpack' attribute in manifest is deprecated in favor of 'buildpacks'. Please see http://docs.cloudfoundry.org/devguide/deploy-apps/manifest.html#deprecated for alternatives and other app manifest deprecations. This feature will be removed in the future.

Getting app info...
Creating app with these attributes...
+ name:         walter-conference-chatbot
  path:         D:\github\walter-repo\chatbot-dashbot-workshop
  buildpacks:
+   https://github.com/cloudfoundry/nodejs-buildpack
+ command:      npm start
+ instances:    1
+ memory:       256M
  services:
+   walterlee-chatbot1
  env:
+   NPM_CONFIG_PRODUCTION
  routes:
+   walter-conference-chatbot.mybluemix.net

Creating app walter-conference-chatbot...
Mapping routes...
Binding services...
Comparing local files to remote cache...
Packaging files to upload...
Uploading files...
 1.09 MiB / 1.09 MiB [========================================================================================================================] 100.00% 3s

Waiting for API to complete processing files...

Staging app and tracing logs...
   Successfully created container
   Downloading app package...
   Downloaded app package (2.3M)
   -----> Download go 1.9.1
   -----> Running go build supply
   -----> Nodejs Buildpack version 1.6.32
   -----> Installing binaries
          engines.node (package.json): >= 6.14.4
          engines.npm (package.json): > 3.10.x
          **WARNING** Dangerous semver range (>) in engines.node. See: http://docs.cloudfoundry.org/buildpacks/node/node-tips.html
   -----> Installing node 10.10.0
          Download [https://buildpacks.cloudfoundry.org/dependencies/node/node-10.10.0-linux-x64-cflinuxfs2-9b4303cf.tgz]
   -----> Installing yarn 1.9.4
          Download [https://buildpacks.cloudfoundry.org/dependencies/yarn/yarn-v1.9.4-7667eb71.tar.gz]
          npm 6.4.1 already installed with node
          Installed yarn 1.9.4
   -----> Creating runtime environment
          PRO TIP: It is recommended to vendor the application's Node.js dependencies
          NPM_CONFIG_PRODUCTION=false
          NODE_HOME=/tmp/contents863590669/deps/0/node
          NODE_MODULES_CACHE=true
          NPM_CONFIG_LOGLEVEL=error
   -----> Building dependencies
          Prebuild detected (node_modules already exists)
          Rebuilding any native modules
          Visit http://docs.cloudfoundry.org/buildpacks/node/index.html#vendoring
          NODE_ENV=production
          NODE_VERBOSE=false
          Installing any new modules (package.json + package-lock.json)
   > execSync@1.0.2 install /tmp/app/node_modules/execSync
   > node install.js
   [execsync v1.0.2] Attempting to compile native extensions.
   [execSync v1.0.2]
       Native code compile failed!!
   > websocket@1.0.28 install /tmp/app/node_modules/websocket
   > (node-gyp rebuild 2> builderror.log) || (exit 0)
   make: Entering directory `/tmp/app/node_modules/websocket/build'
     CXX(target) Release/obj.target/bufferutil/src/bufferutil.o
     SOLINK_MODULE(target) Release/obj.target/bufferutil.node
     COPY Release/bufferutil.node
     CXX(target) Release/obj.target/validation/src/validation.o
     SOLINK_MODULE(target) Release/obj.target/validation.node
     COPY Release/validation.node
   make: Leaving directory `/tmp/app/node_modules/websocket/build'
   > phantomjs-prebuilt@2.1.16 install /tmp/app/node_modules/phantomjs-prebuilt
   > node install.js
   PhantomJS not found on PATH
   Downloading https://github.com/Medium/phantomjs/releases/download/v2.1.1/phantomjs-2.1.1-linux-x86_64.tar.bz2
   Saving to /tmp/phantomjs/phantomjs-2.1.1-linux-x86_64.tar.bz2
   Receiving...
   Received 22866K total.
   Extracting tar contents (via spawned process)
   Removing /tmp/app/node_modules/phantomjs-prebuilt/lib/phantom
   Copying extracted folder /tmp/phantomjs/phantomjs-2.1.1-linux-x86_64.tar.bz2-extract-1538631822179/phantomjs-2.1.1-linux-x86_64 -> /tmp/app/node_modules/phantomjs-prebuilt/lib/phantom
   Writing location.js file
   Done. Phantomjs binary available at /tmp/app/node_modules/phantomjs-prebuilt/lib/phantom/bin/phantomjs
   added 375 packages from 691 contributors and audited 1143 packages in 23.678s
   found 9 vulnerabilities (2 low, 5 moderate, 1 high, 1 critical)
     run `npm audit fix` to fix them, or `npm audit` for details
   -----> Running go build finalize
   Exit status 0
   Uploading droplet, build artifacts cache...
   Uploading build artifacts cache...
   Uploading droplet...
   Uploaded build artifacts cache (18.5M)
   Uploaded droplet (58M)
   Uploading complete
   Stopping instance 27c6bb3c-27f3-49a4-bae0-7009458f602d
   Destroying container

Waiting for app to start...
   Successfully destroyed container

name:              walter-conference-chatbot
requested state:   started
routes:            walter-conference-chatbot.mybluemix.net
last uploaded:     Wed 03 Oct 22:44:10 PDT 2018
stack:             cflinuxfs2
buildpacks:        nodejs

type:            web
instances:       1/1
memory usage:    256M
start command:   npm start
     state     since                  cpu    memory          disk
#0   running   2018-10-04T05:44:51Z   7.8%   38.8M of 256M   216.2M of 1G


step4 - check status

D:\github\walter-repo\chatbot-dashbot-workshop>cf apps
Getting apps in org abc123445@gmail.com / space dev as abc123445@gmail.com...
OK

name                        requested state   instances   memory   disk   urls
walter-conference-chatbot   started           1/1         256M     1G     walter-conference-chatbot.mybluemix.net

tail logs when I tested the chatbot-dashbot-workshop at
http://walter-conference-chatbot.mybluemix.net/

D:\github\walter-repo\chatbot-dashbot-workshop>cf logs walter-conference-chatbot
Retrieving logs for app walter-conference-chatbot in org abc123445@gmail.com / space dev as abc123445@gmail.com...

   2018-10-03T23:20:17.10-0700 [RTR/3] OUT walter-conference-chatbot.mybluemix.net - [2018-10-04T06:20:16.929+0000] "POST /api/message HTTP/1.1" 200 294 487 "http://walter-conference-chatbot.mybluemix.net/" "Mozilla/5.0 (Windows NT 10.0; Win64; x64) AppleWebKit/537.36 (KHTML, like Gecko) Chrome/69.0.3497.100 Safari/537.36" "10.84.125.29:49155" "169.62.205.247:62119" x_forwarded_for:"67.180.146.247, 10.84.125.29" x_forwarded_proto:"http" vcap_request_id:"2e9f712f-8f6d-4536-7e08-4af02482ab03" response_time:0.180255985 app_id:"67371a96-afb1-4283-a62b-143d6c18b2f2" app_index:"0" x_global_transaction_id:"357983711" true_client_ip:"-" x_b3_traceid:"dc002ffa7b324e8a" x_b3_spanid:"dc002ffa7b324e8a" x_b3_parentspanid:"-"
   2018-10-03T23:20:17.10-0700 [RTR/3] OUT
   2018-10-03T23:20:23.10-0700 [RTR/1] OUT walter-conference-chatbot.mybluemix.net - [2018-10-04T06:20:22.885+0000] "POST /api/message HTTP/1.1" 200 347 549 "http://walter-conference-chatbot.mybluemix.net/" "Mozilla/5.0 (Windows NT 10.0; Win64; x64) AppleWebKit/537.36 (KHTML, like Gecko) Chrome/69.0.3497.100 Safari/537.36" "10.84.125.29:22451" "169.62.205.247:62119" x_forwarded_for:"67.180.146.247, 10.84.125.29" x_forwarded_proto:"http" vcap_request_id:"57d1aa73-e544-44a2-6f2b-a53bd82f0590" response_time:0.216713636 app_id:"67371a96-afb1-4283-a62b-143d6c18b2f2" app_index:"0" x_global_transaction_id:"2468626937" true_client_ip:"-" x_b3_traceid:"6e244be766e8d82f" x_b3_spanid:"6e244be766e8d82f" x_b3_parentspanid:"-"
   2018-10-03T23:20:23.10-0700 [RTR/1] OUT
   2018-10-03T23:20:29.56-0700 [RTR/17] OUT walter-conference-chatbot.mybluemix.net - [2018-10-04T06:20:29.320+0000] "POST /api/message HTTP/1.1" 200 323 734 "http://walter-conference-chatbot.mybluemix.net/" "Mozilla/5.0 (Windows NT 10.0; Win64; x64) AppleWebKit/537.36 (KHTML, like Gecko) Chrome/69.0.3497.100 Safari/537.36" "10.84.125.29:39827" "169.62.205.247:62119" x_forwarded_for:"67.180.146.247, 10.84.125.29" x_forwarded_proto:"http" vcap_request_id:"0f1d8b36-7949-4c3a-5bbf-8178fb7e0b40" response_time:0.240043173 app_id:"67371a96-afb1-4283-a62b-143d6c18b2f2" app_index:"0" x_global_transaction_id:"358141151" true_client_ip:"-" x_b3_traceid:"224223d23d19c9e2" x_b3_spanid:"224223d23d19c9e2" x_b3_parentspanid:"-"
   2018-10-03T23:20:29.56-0700 [RTR/17] OUT
   2018-10-03T23:20:33.83-0700 [RTR/20] OUT walter-conference-chatbot.mybluemix.net - [2018-10-04T06:20:33.653+0000] "POST /api/message HTTP/1.1" 200 395 620 "http://walter-conference-chatbot.mybluemix.net/" "Mozilla/5.0 (Windows NT 10.0; Win64; x64) AppleWebKit/537.36 (KHTML, like Gecko) Chrome/69.0.3497.100 Safari/537.36" "10.84.125.29:31523" "169.62.205.247:62119" x_forwarded_for:"67.180.146.247, 10.84.125.29" x_forwarded_proto:"http" vcap_request_id:"cda6c0c2-aec8-4532-7f05-bbb7df1814da" response_time:0.179581122 app_id:"67371a96-afb1-4283-a62b-143d6c18b2f2" app_index:"0" x_global_transaction_id:"2468638633" true_client_ip:"-" x_b3_traceid:"615f8a3c8054477c" x_b3_spanid:"615f8a3c8054477c" x_b3_parentspanid:"-"
   2018-10-03T23:20:33.83-0700 [RTR/20] OUT
   2018-10-03T23:20:35.77-0700 [RTR/1] OUT walter-conference-chatbot.mybluemix.net - [2018-10-04T06:20:35.614+0000] "POST /api/message HTTP/1.1" 200 414 640 "http://walter-conference-chatbot.mybluemix.net/" "Mozilla/5.0 (Windows NT 10.0; Win64; x64) AppleWebKit/537.36 (KHTML, like Gecko) Chrome/69.0.3497.100 Safari/537.36" "10.84.125.29:24668" "169.62.205.247:62119" x_forwarded_for:"67.180.146.247, 10.84.125.29" x_forwarded_proto:"http" vcap_request_id:"49e91d85-198c-47e5-6acd-bd94073ba92a" response_time:0.15786855 app_id:"67371a96-afb1-4283-a62b-143d6c18b2f2" app_index:"0" x_global_transaction_id:"4274280353" true_client_ip:"-" x_b3_traceid:"2c271da9d8830eda" x_b3_spanid:"2c271da9d8830eda" x_b3_parentspanid:"-"
   2018-10-03T23:20:35.77-0700 [RTR/1] OUT
